C:\Users\Games\practice\laravel\tall\studentL-earn-path>git add .
warning: LF will be replaced by CRLF in .editorconfig.
The file will have its original line endings in your working directory
warning: LF will be replaced by CRLF in .env.example.
The file will have its original line endings in your working directory
warning: LF will be replaced by CRLF in .gitattributes.
The file will have its original line endings in your working directory
warning: LF will be replaced by CRLF in .gitignore.
The file will have its original line endings in your working directory
warning: LF will be replaced by CRLF in .styleci.yml.
The file will have its original line endings in your working directory
warning: LF will be replaced by CRLF in README.md.
The file will have its original line endings in your working directory
warning: LF will be replaced by CRLF in app/Console/Kernel.php.
The file will have its original line endings in your working directory
warning: LF will be replaced by CRLF in app/Exceptions/Handler.php.
The file will have its original line endings in your working directory
warning: LF will be replaced by CRLF in app/Http/Controllers/Controller.php.
The file will have its original line endings in your working directory
warning: LF will be replaced by CRLF in app/Http/Kernel.php.
The file will have its original line endings in your working directory
warning: LF will be replaced by CRLF in app/Http/Middleware/Authenticate.php.
The file will have its original line endings in your working directory
warning: LF will be replaced by CRLF in app/Http/Middleware/EncryptCookies.php.
The file will have its original line endings in your working directory
warning: LF will be replaced by CRLF in app/Http/Middleware/PreventRequestsDuringMaintenance.php.
The file will have its original line endings in your working directory
warning: LF will be replaced by CRLF in app/Http/Middleware/RedirectIfAuthenticated.php.
The file will have its original line endings in your working directory
warning: LF will be replaced by CRLF in app/Http/Middleware/TrimStrings.php.
The file will have its original line endings in your working directory
warning: LF will be replaced by CRLF in app/Http/Middleware/TrustHosts.php.
The file will have its original line endings in your working directory
warning: LF will be replaced by CRLF in app/Http/Middleware/TrustProxies.php.
The file will have its original line endings in your working directory
warning: LF will be replaced by CRLF in app/Http/Middleware/VerifyCsrfToken.php.
The file will have its original line endings in your working directory
warning: LF will be replaced by CRLF in app/Models/User.php.
The file will have its original line endings in your working directory
warning: LF will be replaced by CRLF in app/Providers/AppServiceProvider.php.
The file will have its original line endings in your working directory
warning: LF will be replaced by CRLF in app/Providers/AuthServiceProvider.php.
The file will have its original line endings in your working directory
warning: LF will be replaced by CRLF in app/Providers/BroadcastServiceProvider.php.
The file will have its original line endings in your working directory
warning: LF will be replaced by CRLF in app/Providers/EventServiceProvider.php.
The file will have its original line endings in your working directory
warning: LF will be replaced by CRLF in app/Providers/RouteServiceProvider.php.
The file will have its original line endings in your working directory
warning: LF will be replaced by CRLF in artisan.
The file will have its original line endings in your working directory
warning: LF will be replaced by CRLF in bootstrap/app.php.
The file will have its original line endings in your working directory
warning: LF will be replaced by CRLF in bootstrap/cache/.gitignore.
The file will have its original line endings in your working directory
warning: LF will be replaced by CRLF in composer.json.
The file will have its original line endings in your working directory
warning: LF will be replaced by CRLF in composer.lock.
The file will have its original line endings in your working directory
warning: LF will be replaced by CRLF in config/app.php.
The file will have its original line endings in your working directory
warning: LF will be replaced by CRLF in config/auth.php.
The file will have its original line endings in your working directory
warning: LF will be replaced by CRLF in config/broadcasting.php.
The file will have its original line endings in your working directory
warning: LF will be replaced by CRLF in config/cache.php.
The file will have its original line endings in your working directory
warning: LF will be replaced by CRLF in config/cors.php.
The file will have its original line endings in your working directory
warning: LF will be replaced by CRLF in config/database.php.
The file will have its original line endings in your working directory
warning: LF will be replaced by CRLF in config/filesystems.php.
The file will have its original line endings in your working directory
warning: LF will be replaced by CRLF in config/hashing.php.
The file will have its original line endings in your working directory
warning: LF will be replaced by CRLF in config/logging.php.
The file will have its original line endings in your working directory
warning: LF will be replaced by CRLF in config/mail.php.
The file will have its original line endings in your working directory
warning: LF will be replaced by CRLF in config/queue.php.
The file will have its original line endings in your working directory
warning: LF will be replaced by CRLF in config/sanctum.php.
The file will have its original line endings in your working directory
warning: LF will be replaced by CRLF in config/services.php.
The file will have its original line endings in your working directory
warning: LF will be replaced by CRLF in config/session.php.
The file will have its original line endings in your working directory
warning: LF will be replaced by CRLF in config/view.php.
The file will have its original line endings in your working directory
warning: LF will be replaced by CRLF in database/.gitignore.
The file will have its original line endings in your working directory
warning: LF will be replaced by CRLF in database/factories/UserFactory.php.
The file will have its original line endings in your working directory
warning: LF will be replaced by CRLF in database/migrations/2014_10_12_000000_create_users_table.php.
The file will have its original line endings in your working directory
warning: LF will be replaced by CRLF in database/migrations/2014_10_12_100000_create_password_resets_table.php.
The file will have its original line endings in your working directory
warning: LF will be replaced by CRLF in database/migrations/2019_08_19_000000_create_failed_jobs_table.php.
The file will have its original line endings in your working directory
warning: LF will be replaced by CRLF in database/migrations/2019_12_14_000001_create_personal_access_tokens_table.php.
The file will have its original line endings in your working directory
warning: LF will be replaced by CRLF in database/seeders/DatabaseSeeder.php.
The file will have its original line endings in your working directory
warning: LF will be replaced by CRLF in package-lock.json.
The file will have its original line endings in your working directory
warning: LF will be replaced by CRLF in package.json.
The file will have its original line endings in your working directory
warning: LF will be replaced by CRLF in phpunit.xml.
The file will have its original line endings in your working directory
warning: LF will be replaced by CRLF in public/.htaccess.
The file will have its original line endings in your working directory
warning: LF will be replaced by CRLF in public/css/app.css.
The file will have its original line endings in your working directory
warning: LF will be replaced by CRLF in public/index.php.
The file will have its original line endings in your working directory
warning: LF will be replaced by CRLF in public/js/app.js.
The file will have its original line endings in your working directory
warning: LF will be replaced by CRLF in public/mix-manifest.json.
The file will have its original line endings in your working directory
warning: LF will be replaced by CRLF in public/robots.txt.
The file will have its original line endings in your working directory
warning: LF will be replaced by CRLF in resources/js/app.js.
The file will have its original line endings in your working directory
warning: LF will be replaced by CRLF in resources/js/bootstrap.js.
The file will have its original line endings in your working directory
warning: LF will be replaced by CRLF in resources/lang/en/auth.php.
The file will have its original line endings in your working directory
warning: LF will be replaced by CRLF in resources/lang/en/pagination.php.
The file will have its original line endings in your working directory
warning: LF will be replaced by CRLF in resources/lang/en/passwords.php.
The file will have its original line endings in your working directory
warning: LF will be replaced by CRLF in resources/lang/en/validation.php.
The file will have its original line endings in your working directory
warning: LF will be replaced by CRLF in resources/sass/app.scss.
The file will have its original line endings in your working directory
warning: LF will be replaced by CRLF in resources/views/components/logo.blade.php.
The file will have its original line endings in your working directory
warning: LF will be replaced by CRLF in resources/views/layouts/app.blade.php.
The file will have its original line endings in your working directory
warning: LF will be replaced by CRLF in resources/views/layouts/base.blade.php.
The file will have its original line endings in your working directory
warning: LF will be replaced by CRLF in resources/views/vendor/livewire/pagination-links.blade.php.
The file will have its original line endings in your working directory
warning: LF will be replaced by CRLF in resources/views/vendor/pagination/default.blade.php.
The file will have its original line endings in your working directory
warning: LF will be replaced by CRLF in resources/views/vendor/pagination/simple-default.blade.php.
The file will have its original line endings in your working directory
warning: LF will be replaced by CRLF in resources/views/welcome.blade.php.
The file will have its original line endings in your working directory
warning: LF will be replaced by CRLF in routes/api.php.
The file will have its original line endings in your working directory
warning: LF will be replaced by CRLF in routes/channels.php.
The file will have its original line endings in your working directory
warning: LF will be replaced by CRLF in routes/console.php.
The file will have its original line endings in your working directory
warning: LF will be replaced by CRLF in routes/web.php.
The file will have its original line endings in your working directory
warning: LF will be replaced by CRLF in server.php.
The file will have its original line endings in your working directory
warning: LF will be replaced by CRLF in storage/app/.gitignore.
The file will have its original line endings in your working directory
warning: LF will be replaced by CRLF in storage/app/public/.gitignore.
The file will have its original line endings in your working directory
warning: LF will be replaced by CRLF in storage/framework/.gitignore.
The file will have its original line endings in your working directory
warning: LF will be replaced by CRLF in storage/framework/cache/.gitignore.
The file will have its original line endings in your working directory
warning: LF will be replaced by CRLF in storage/framework/cache/data/.gitignore.
The file will have its original line endings in your working directory
warning: LF will be replaced by CRLF in storage/framework/sessions/.gitignore.
The file will have its original line endings in your working directory
warning: LF will be replaced by CRLF in storage/framework/testing/.gitignore.
The file will have its original line endings in your working directory
warning: LF will be replaced by CRLF in storage/framework/views/.gitignore.
The file will have its original line endings in your working directory
warning: LF will be replaced by CRLF in storage/logs/.gitignore.
The file will have its original line endings in your working directory
warning: LF will be replaced by CRLF in tailwind.config.js.
The file will have its original line endings in your working directory
warning: LF will be replaced by CRLF in tests/CreatesApplication.php.
The file will have its original line endings in your working directory
warning: LF will be replaced by CRLF in tests/Feature/ExampleTest.php.
The file will have its original line endings in your working directory
warning: LF will be replaced by CRLF in tests/TestCase.php.
The file will have its original line endings in your working directory
warning: LF will be replaced by CRLF in tests/Unit/ExampleTest.php.
The file will have its original line endings in your working directory
warning: LF will be replaced by CRLF in webpack.mix.js.
The file will have its original line endings in your working directory

$ git merge #1-sample-api-implementation
fatal: No remote for the current branch.

PS C:\Users\Games\practice\laravel\tall\studentL-earn-path> git stash
warning: LF will be replaced by CRLF in .env.example.
The file will have its original line endings in your working directory
Saved working directory and index state WIP on frontend-pwa: 4e5dc45 service worker injectManigest added using laravel-mix-workbox

PS C:\Users\Games\practice\laravel\tall\studentL-earn-path> git checkout #1-sample-api-implementation
M       logs/git-log.txt
PS C:\Users\Games\practice\laravel\tall\studentL-earn-path> git stash push
Saved working directory and index state WIP on frontend-pwa: 4e5dc45 service worker injectManigest added using laravel-mix-workbox
PS C:\Users\Games\practice\laravel\tall\studentL-earn-path> git stash list
stash@{0}: WIP on frontend-pwa: 4e5dc45 service worker injectManigest added using laravel-mix-workbox
stash@{1}: WIP on frontend-pwa: 4e5dc45 service worker injectManigest added using laravel-mix-workbox
stash@{2}: On main: !!GitHub_Desktop<main>

$ git stash pop stash@{1}
On branch frontend-pwa
Changes not staged for commit:
  (use "git add <file>..." to update what will be committed)
  (use "git restore <file>..." to discard changes in working directory)
        modified:   .env.example
        modified:   logs/git-log.txt
        modified:   routes/web.php

Untracked files:
  (use "git add <file>..." to include in what will be committed)
        app/Http/Livewire/
        logs/issues_git.md
        logs/lt_git.md
        resources/views/layouts/container.blade.php
        resources/views/livewire/
        resources/views/tempnews.blade.php

no changes added to commit (use "git add" and/or "git commit -a")
Dropped stash@{1} (d05ca9ce00228b70de8e35b16f17d643a84c1db6)

$ git stash drop
Dropped refs/stash@{0} (201280346b8546c83928887e72423e0918ea02a4)

$ git stash drop
Dropped refs/stash@{0} (edf0bf08e1727921f4ca35be5800f0f2f74dbfdb)

PS C:\Users\Games\practice\laravel\tall\studentL-earn-path> git checkout -b auth
Switched to a new branch 'auth'

PS C:\Users\Games\practice\laravel\tall\studentL-earn-path> git stash pop 
CONFLICT (modify/delete): logs/lt_git.md deleted in Updated upstream and modified in Stashed changes. Version Stashed changes of logs/lt_git.md left in tree.
Auto-merging logs/git-log.txt
CONFLICT (content): Merge conflict in logs/git-log.txt
On branch main
Your branch is up to date with 'origin/main'.

Unmerged paths:
  (use "git restore --staged <file>..." to unstage)
  (use "git add/rm <file>..." as appropriate to mark resolution)
        both modified:   logs/git-log.txt
        deleted by us:   logs/lt_git.md

no changes added to commit (use "git add" and/or "git commit -a")
The stash entry is kept in case you need it again.

PS C:\Users\Games\practice\laravel\tall\studentL-earn-path> git commit -m "branching and stashing the conflicts in logs and learning docs"    
[main 21a9142] branching and stashing the conflicts in logs and learning docs
 2 files changed, 99 insertions(+), 1 deletion(-)
 create mode 100644 logs/lt_git.md

 PS C:\Users\Games\practice\laravel\tall\studentL-earn-path> git diff .\package.json
warning: LF will be replaced by CRLF in package.json.
The file will have its original line endings in your working directory
diff --git a/package.json b/package.json
index 636b8ba..304a217 100644
--- a/package.json
+++ b/package.json
@@ -10,17 +10,19 @@
         "production": "mix --production"
     },
     "devDependencies": {
-        "@tailwindcss/forms": "^0.3",
+        "@tailwindcss/forms": "^0.4.0",
         "@tailwindcss/typography": "^0.4",
-        "alpinejs": "^3.2",
+        "alpinejs": "^3.4.2",
+        "autoprefixer": "^10.4.2",
         "laravel-mix": "^6.0.6",
         "laravel-mix-tailwind": "^0.1",
         "laravel-mix-workbox": "^0.1.4",
-        "postcss": "^8.1.14",
+        "postcss": "^8.4.6",
+        "postcss-import": "^14.0.2",
         "resolve-url-loader": "^3.1",
         "sass": "^1.32",
         "sass-loader": "^8.0",
-        "tailwindcss": "^2.2",
+        "tailwindcss": "^3.0.18",
         "workbox-webpack-plugin": "^6.5.3"
     }

$ git commit -m "merge complete, laravel breeze installed for referencing the authorization, authentication views and routes"
[auth d0c7d74] merge complete, laravel breeze installed for referencing the authorization, authentication views and routes

$ git merge auth
Auto-merging logs/git-log.txt
CONFLICT (content): Merge conflict in logs/git-log.txt
Auto-merging public/js/app.js
CONFLICT (content): Merge conflict in public/js/app.js
Automatic merge failed; fix conflicts and then commit the result.

$ git commit =m "merge auth branch after installing laravel breeze"
fatal: cannot do a partial commit during a merge.

It looks like you may be committing a merge.
# If this is not correct, please run
#       git update-ref -d MERGE_HEAD
# and try again.

$ gib -d auth
Deleted branch auth (was d0c7d74).